main.c:80:5:main	8	static
main.c:131:6:SystemClock_Config	72	static
main.c:169:13:MX_SPI1_Init	8	static
main.c:207:13:MX_GPIO_Init	32	static
main.c:271:6:MainMenu	24	static
main.c:326:6:ChooseVelocity	24	static
main.c:406:6:StartGame	24	static
main.c:425:6:VerifyCollision	4	static
main.c:438:5:VerifyCatch	8	static
main.c:453:6:GenerateCollectable	8	static
main.c:469:6:UpdateScore	24	static
main.c:482:6:UpdateRecord	24	static
main.c:500:6:Snake	8	static
main.c:580:6:DrawBarrier	8	static
main.c:594:6:GameOver	24	static
main.c:633:6:Error_Handler	4	static,ignoring_inline_asm
